// Jest Snapshot v1, https://goo.gl/fbAQLP

exports[`renders without crashing +++ match snapshot 1`] = `
<WithStyles(SelfCheckout)
  getProducts={[Function]}
  getPromotions={[Function]}
  getScannedItems={[Function]}
  store={
    Object {
      "clearActions": [Function],
      "dispatch": [Function],
      "getActions": [Function],
      "getState": [Function],
      "replaceReducer": [Function],
      "subscribe": [Function],
    }
  }
/>
`;
